[4504:15116:0910/093730.538:WARNING:chrome_main_delegate.cc(745)] This is Chrome version 128.0.6613.138 (not a warning)
[4504:15116:0910/093731.241:WARNING:account_consistency_mode_manager.cc(77)] Desktop Identity Consistency cannot be enabled as no OAuth client ID and client secret have been configured.
[4504:21444:0910/093755.026:ERROR:cast_crl.cc(443)] CRL - Verification failed.
[4504:15116:0910/093756.526:ERROR:browser_info_manager.cc(781)] Timeout of new browser info response for frame 6-E32D720ABD6719B1DA75B064A156B10C (has_rfh=1)
[10856:21892:0910/093756.864:WARNING:frame_impl.cc(430)] virtual CefFrameImpl::SendProcessMessage sent to detached frame 5-F8919A53B5FEF32784E4267B5F6218EB will be ignored
[2564:17956:0910/093758.495:WARNING:codec.cc(525)] Explicitly added H264 constrained baseline to list of supported formats.
[2564:8772:0910/093758.564:WARNING:codec.cc(525)] Explicitly added H264 constrained baseline to list of supported formats.
[2564:8772:0910/093758.564:WARNING:codec.cc(525)] Explicitly added H264 constrained baseline to list of supported formats.
[2564:8772:0910/093758.565:WARNING:codec.cc(525)] Explicitly added H264 constrained baseline to list of supported formats.
[10488:18612:0910/093759.552:WARNING:host_resolver_dns_task.cc(863)] Address list empty after RFC3484 sort
[10488:18612:0910/093759.552:WARNING:host_resolver_dns_task.cc(863)] Address list empty after RFC3484 sort
[10488:18612:0910/093759.557:ERROR:socket_manager.cc(147)] Failed to resolve address for stun.l.google.com., errorcode: -105
[10488:18612:0910/093759.557:ERROR:socket_manager.cc(147)] Failed to resolve address for stun.l.google.com., errorcode: -105
[10488:18612:0910/093759.557:ERROR:socket_manager.cc(147)] Failed to resolve address for stun.l.google.com., errorcode: -105
[10488:18612:0910/093759.558:ERROR:socket_manager.cc(147)] Failed to resolve address for stun.cloudflare.com., errorcode: -105
[10488:18612:0910/093759.558:ERROR:socket_manager.cc(147)] Failed to resolve address for stun.cloudflare.com., errorcode: -105
[10488:18612:0910/093759.558:ERROR:socket_manager.cc(147)] Failed to resolve address for stun.cloudflare.com., errorcode: -105
[2564:8772:0910/093759.558:WARNING:stun_port.cc(442)] Port[a37400:0:1:0:host:Net[any:0:0:0:x:x:x:x:x/0:Wildcard:id=0]]: StunPort: stun host lookup received error -1
[2564:8772:0910/093759.558:WARNING:stun_port.cc(442)] Port[1030000:1:1:0:host:Net[any:0:0:0:x:x:x:x:x/0:Wildcard:id=0]]: StunPort: stun host lookup received error -1
[2564:8772:0910/093759.558:WARNING:stun_port.cc(442)] Port[1030400:2:1:0:host:Net[any:0:0:0:x:x:x:x:x/0:Wildcard:id=0]]: StunPort: stun host lookup received error -1
[2564:8772:0910/093759.558:WARNING:stun_port.cc(442)] Port[a37400:0:1:0:host:Net[any:0:0:0:x:x:x:x:x/0:Wildcard:id=0]]: StunPort: stun host lookup received error -1
[2564:8772:0910/093759.558:WARNING:stun_port.cc(442)] Port[1030000:1:1:0:host:Net[any:0:0:0:x:x:x:x:x/0:Wildcard:id=0]]: StunPort: stun host lookup received error -1
[2564:8772:0910/093759.558:WARNING:stun_port.cc(442)] Port[1030400:2:1:0:host:Net[any:0:0:0:x:x:x:x:x/0:Wildcard:id=0]]: StunPort: stun host lookup received error -1
[10488:18612:0910/093759.565:WARNING:host_resolver_dns_task.cc(863)] Address list empty after RFC3484 sort
[10488:18612:0910/093759.568:ERROR:socket_manager.cc(147)] Failed to resolve address for stun1.l.google.com., errorcode: -105
[10488:18612:0910/093759.568:ERROR:socket_manager.cc(147)] Failed to resolve address for stun1.l.google.com., errorcode: -105
[10488:18612:0910/093759.568:ERROR:socket_manager.cc(147)] Failed to resolve address for stun1.l.google.com., errorcode: -105
[2564:8772:0910/093759.568:WARNING:stun_port.cc(442)] Port[a37400:0:1:0:host:Net[any:0:0:0:x:x:x:x:x/0:Wildcard:id=0]]: StunPort: stun host lookup received error -1
[2564:8772:0910/093759.568:WARNING:stun_port.cc(442)] Port[1030000:1:1:0:host:Net[any:0:0:0:x:x:x:x:x/0:Wildcard:id=0]]: StunPort: stun host lookup received error -1
[2564:8772:0910/093759.568:WARNING:stun_port.cc(442)] Port[1030400:2:1:0:host:Net[any:0:0:0:x:x:x:x:x/0:Wildcard:id=0]]: StunPort: stun host lookup received error -1
[4504:21444:0910/093800.538:WARNING:browser_info.cc(345)] Returning a speculative frame for [9,5]
[4504:15116:0910/093800.866:WARNING:browser_info.cc(345)] Returning a speculative frame for [10,5]
[4504:15116:0910/093800.866:WARNING:browser_info.cc(345)] Returning a speculative frame for [10,5]
[4504:15116:0910/093800.867:WARNING:browser_info.cc(345)] Returning a speculative frame for [10,5]
[4504:15116:0910/093800.867:WARNING:browser_info.cc(345)] Returning a speculative frame for [10,5]
[4504:21444:0910/093800.899:WARNING:browser_info.cc(345)] Returning a speculative frame for [10,5]
[15224:10816:0910/093802.202:WARNING:codec.cc(525)] Explicitly added H264 constrained baseline to list of supported formats.
[15224:5640:0910/093802.293:WARNING:codec.cc(525)] Explicitly added H264 constrained baseline to list of supported formats.
[15224:5640:0910/093802.294:WARNING:codec.cc(525)] Explicitly added H264 constrained baseline to list of supported formats.
[15224:5640:0910/093802.294:WARNING:codec.cc(525)] Explicitly added H264 constrained baseline to list of supported formats.
[10488:18612:0910/093802.542:WARNING:host_resolver_dns_task.cc(863)] Address list empty after RFC3484 sort
[10488:18612:0910/093802.542:WARNING:host_resolver_dns_task.cc(863)] Address list empty after RFC3484 sort
[10488:18612:0910/093802.543:WARNING:host_resolver_dns_task.cc(863)] Address list empty after RFC3484 sort
[10488:18612:0910/093802.543:ERROR:socket_manager.cc(147)] Failed to resolve address for stun.cloudflare.com., errorcode: -105
[10488:18612:0910/093802.543:ERROR:socket_manager.cc(147)] Failed to resolve address for stun.cloudflare.com., errorcode: -105
[10488:18612:0910/093802.543:ERROR:socket_manager.cc(147)] Failed to resolve address for stun.cloudflare.com., errorcode: -105
[10488:18612:0910/093802.543:ERROR:socket_manager.cc(147)] Failed to resolve address for stun.l.google.com., errorcode: -105
[10488:18612:0910/093802.543:ERROR:socket_manager.cc(147)] Failed to resolve address for stun.l.google.com., errorcode: -105
[10488:18612:0910/093802.543:ERROR:socket_manager.cc(147)] Failed to resolve address for stun.l.google.com., errorcode: -105
[15224:5640:0910/093802.543:WARNING:stun_port.cc(442)] Port[12d8000:0:1:0:host:Net[any:0:0:0:x:x:x:x:x/0:Wildcard:id=0]]: StunPort: stun host lookup received error -1
[15224:5640:0910/093802.543:WARNING:stun_port.cc(442)] Port[12d8400:1:1:0:host:Net[any:0:0:0:x:x:x:x:x/0:Wildcard:id=0]]: StunPort: stun host lookup received error -1
[10488:18612:0910/093802.544:ERROR:socket_manager.cc(147)] Failed to resolve address for stun1.l.google.com., errorcode: -105
[10488:18612:0910/093802.544:ERROR:socket_manager.cc(147)] Failed to resolve address for stun1.l.google.com., errorcode: -105
[10488:18612:0910/093802.544:ERROR:socket_manager.cc(147)] Failed to resolve address for stun1.l.google.com., errorcode: -105
[15224:5640:0910/093802.544:WARNING:stun_port.cc(442)] Port[12d8c00:2:1:0:host:Net[any:0:0:0:x:x:x:x:x/0:Wildcard:id=0]]: StunPort: stun host lookup received error -1
[15224:5640:0910/093802.544:WARNING:stun_port.cc(442)] Port[12d8000:0:1:0:host:Net[any:0:0:0:x:x:x:x:x/0:Wildcard:id=0]]: StunPort: stun host lookup received error -1
[15224:5640:0910/093802.544:WARNING:stun_port.cc(442)] Port[12d8400:1:1:0:host:Net[any:0:0:0:x:x:x:x:x/0:Wildcard:id=0]]: StunPort: stun host lookup received error -1
[15224:5640:0910/093802.544:WARNING:stun_port.cc(442)] Port[12d8c00:2:1:0:host:Net[any:0:0:0:x:x:x:x:x/0:Wildcard:id=0]]: StunPort: stun host lookup received error -1
[15224:5640:0910/093802.544:WARNING:stun_port.cc(442)] Port[12d8000:0:1:0:host:Net[any:0:0:0:x:x:x:x:x/0:Wildcard:id=0]]: StunPort: stun host lookup received error -1
[15224:5640:0910/093802.544:WARNING:stun_port.cc(442)] Port[12d8400:1:1:0:host:Net[any:0:0:0:x:x:x:x:x/0:Wildcard:id=0]]: StunPort: stun host lookup received error -1
[15224:5640:0910/093802.544:WARNING:stun_port.cc(442)] Port[12d8c00:2:1:0:host:Net[any:0:0:0:x:x:x:x:x/0:Wildcard:id=0]]: StunPort: stun host lookup received error -1
[4504:15116:0910/093804.869:WARNING:page_discarding_helper.cc(138)] Discarding multiple pages with target (kb): 0
[15224:10816:0910/093806.545:WARNING:codec.cc(525)] Explicitly added H264 constrained baseline to list of supported formats.
[8588:6888:0910/094015.913:ERROR:shared_image_manager.cc(224)] SharedImageManager::ProduceSkia: Trying to Produce a Skia representation from a non-existent mailbox.
[4504:15116:0910/094400.283:ERROR:device_event_log_impl.cc(196)] [09:43:59.742] USB: usb_service_win.cc:105 SetupDiGetDeviceProperty({{A45C254E-DF1C-4EFD-8020-67D146A850E0}, 6}) failed: Элемент не найден. (0x490)
[4504:15116:0910/094530.637:WARNING:page_discarding_helper.cc(138)] Discarding multiple pages with target (kb): 0
[4504:15116:0910/094535.638:WARNING:page_discarding_helper.cc(138)] Discarding multiple pages with target (kb): 0
[4504:15116:0910/094540.637:WARNING:page_discarding_helper.cc(138)] Discarding multiple pages with target (kb): 0
[4504:15116:0910/094545.641:WARNING:page_discarding_helper.cc(138)] Discarding multiple pages with target (kb): 0
[4504:15116:0910/094550.685:WARNING:page_discarding_helper.cc(138)] Discarding multiple pages with target (kb): 0
[4504:15116:0910/094555.874:WARNING:page_discarding_helper.cc(138)] Discarding multiple pages with target (kb): 0
[4504:15116:0910/094600.908:WARNING:page_discarding_helper.cc(138)] Discarding multiple pages with target (kb): 0
[4504:15116:0910/094630.990:WARNING:page_discarding_helper.cc(138)] Discarding multiple pages with target (kb): 0
[4504:15116:0910/094635.992:WARNING:page_discarding_helper.cc(138)] Discarding multiple pages with target (kb): 0
[4504:15116:0910/094640.992:WARNING:page_discarding_helper.cc(138)] Discarding multiple pages with target (kb): 0
[4504:15116:0910/094646.126:WARNING:page_discarding_helper.cc(138)] Discarding multiple pages with target (kb): 0
[4504:15116:0910/094651.130:WARNING:page_discarding_helper.cc(138)] Discarding multiple pages with target (kb): 0
[4504:15116:0910/094656.133:WARNING:page_discarding_helper.cc(138)] Discarding multiple pages with target (kb): 0
[4504:15116:0910/094701.134:WARNING:page_discarding_helper.cc(138)] Discarding multiple pages with target (kb): 0
[4504:15116:0910/094706.135:WARNING:page_discarding_helper.cc(138)] Discarding multiple pages with target (kb): 0
[4504:15116:0910/094711.137:WARNING:page_discarding_helper.cc(138)] Discarding multiple pages with target (kb): 0
[4504:15116:0910/094716.138:WARNING:page_discarding_helper.cc(138)] Discarding multiple pages with target (kb): 0
[4504:15116:0910/094721.137:WARNING:page_discarding_helper.cc(138)] Discarding multiple pages with target (kb): 0
[4504:15116:0910/094726.139:WARNING:page_discarding_helper.cc(138)] Discarding multiple pages with target (kb): 0
[4504:15116:0910/094731.140:WARNING:page_discarding_helper.cc(138)] Discarding multiple pages with target (kb): 0
[4504:15116:0910/094736.143:WARNING:page_discarding_helper.cc(138)] Discarding multiple pages with target (kb): 0
[4504:15116:0910/094741.143:WARNING:page_discarding_helper.cc(138)] Discarding multiple pages with target (kb): 0
[4504:15116:0910/094746.179:WARNING:page_discarding_helper.cc(138)] Discarding multiple pages with target (kb): 0
[4504:15116:0910/094751.179:WARNING:page_discarding_helper.cc(138)] Discarding multiple pages with target (kb): 0
[4504:15116:0910/094756.182:WARNING:page_discarding_helper.cc(138)] Discarding multiple pages with target (kb): 0
[4504:15116:0910/094801.434:WARNING:page_discarding_helper.cc(138)] Discarding multiple pages with target (kb): 0
[4504:15116:0910/094806.754:WARNING:page_discarding_helper.cc(138)] Discarding multiple pages with target (kb): 0
[4504:15116:0910/094811.756:WARNING:page_discarding_helper.cc(138)] Discarding multiple pages with target (kb): 0
[4504:15116:0910/094816.759:WARNING:page_discarding_helper.cc(138)] Discarding multiple pages with target (kb): 0
[4504:15116:0910/094821.956:WARNING:page_discarding_helper.cc(138)] Discarding multiple pages with target (kb): 0
[4504:15116:0910/094826.956:WARNING:page_discarding_helper.cc(138)] Discarding multiple pages with target (kb): 0
[4504:15116:0910/094831.956:WARNING:page_discarding_helper.cc(138)] Discarding multiple pages with target (kb): 0
[4504:15116:0910/094836.960:WARNING:page_discarding_helper.cc(138)] Discarding multiple pages with target (kb): 0
[4504:15116:0910/094841.962:WARNING:page_discarding_helper.cc(138)] Discarding multiple pages with target (kb): 0
[4504:15116:0910/094847.050:WARNING:page_discarding_helper.cc(138)] Discarding multiple pages with target (kb): 0
[4504:15116:0910/094852.052:WARNING:page_discarding_helper.cc(138)] Discarding multiple pages with target (kb): 0
[4504:15116:0910/094857.054:WARNING:page_discarding_helper.cc(138)] Discarding multiple pages with target (kb): 0
[4504:15116:0910/094902.056:WARNING:page_discarding_helper.cc(138)] Discarding multiple pages with target (kb): 0
[4504:15116:0910/094907.059:WARNING:page_discarding_helper.cc(138)] Discarding multiple pages with target (kb): 0
[4504:15116:0910/094912.061:WARNING:page_discarding_helper.cc(138)] Discarding multiple pages with target (kb): 0
[4504:15116:0910/094917.060:WARNING:page_discarding_helper.cc(138)] Discarding multiple pages with target (kb): 0
[4504:15116:0910/094922.061:WARNING:page_discarding_helper.cc(138)] Discarding multiple pages with target (kb): 0
[4504:15116:0910/094927.062:WARNING:page_discarding_helper.cc(138)] Discarding multiple pages with target (kb): 0
[4504:15116:0910/094932.063:WARNING:page_discarding_helper.cc(138)] Discarding multiple pages with target (kb): 0
[4504:15116:0910/094937.066:WARNING:page_discarding_helper.cc(138)] Discarding multiple pages with target (kb): 0
[4504:15116:0910/094942.068:WARNING:page_discarding_helper.cc(138)] Discarding multiple pages with target (kb): 0
[4504:15116:0910/094947.070:WARNING:page_discarding_helper.cc(138)] Discarding multiple pages with target (kb): 0
[4504:15116:0910/094952.074:WARNING:page_discarding_helper.cc(138)] Discarding multiple pages with target (kb): 0
[4504:15116:0910/094957.074:WARNING:page_discarding_helper.cc(138)] Discarding multiple pages with target (kb): 0
[4504:15116:0910/095002.075:WARNING:page_discarding_helper.cc(138)] Discarding multiple pages with target (kb): 0
[4504:15116:0910/095007.076:WARNING:page_discarding_helper.cc(138)] Discarding multiple pages with target (kb): 0
[4504:15116:0910/095012.078:WARNING:page_discarding_helper.cc(138)] Discarding multiple pages with target (kb): 0
[4504:15116:0910/095017.081:WARNING:page_discarding_helper.cc(138)] Discarding multiple pages with target (kb): 0
[4504:15116:0910/095022.131:WARNING:page_discarding_helper.cc(138)] Discarding multiple pages with target (kb): 0
[4504:15116:0910/095027.167:WARNING:page_discarding_helper.cc(138)] Discarding multiple pages with target (kb): 0
[4504:15116:0910/095032.196:WARNING:page_discarding_helper.cc(138)] Discarding multiple pages with target (kb): 0
[4504:15116:0910/103108.929:WARNING:page_discarding_helper.cc(138)] Discarding multiple pages with target (kb): 0
[4504:15116:0910/103113.935:WARNING:page_discarding_helper.cc(138)] Discarding multiple pages with target (kb): 0
[4504:15116:0910/103118.955:WARNING:page_discarding_helper.cc(138)] Discarding multiple pages with target (kb): 0
[4504:15116:0910/103123.967:WARNING:page_discarding_helper.cc(138)] Discarding multiple pages with target (kb): 0
[4504:15116:0910/103128.983:WARNING:page_discarding_helper.cc(138)] Discarding multiple pages with target (kb): 0
[4504:15116:0910/103134.013:WARNING:page_discarding_helper.cc(138)] Discarding multiple pages with target (kb): 0
[4504:15116:0910/103139.048:WARNING:page_discarding_helper.cc(138)] Discarding multiple pages with target (kb): 0
[4504:15116:0910/103144.124:WARNING:page_discarding_helper.cc(138)] Discarding multiple pages with target (kb): 0
[4504:15116:0910/103149.124:WARNING:page_discarding_helper.cc(138)] Discarding multiple pages with target (kb): 0
[4504:15116:0910/103154.130:WARNING:page_discarding_helper.cc(138)] Discarding multiple pages with target (kb): 0
[4504:15116:0910/103159.151:WARNING:page_discarding_helper.cc(138)] Discarding multiple pages with target (kb): 0
[4504:15116:0910/103204.187:WARNING:page_discarding_helper.cc(138)] Discarding multiple pages with target (kb): 0
[4504:15116:0910/103209.193:WARNING:page_discarding_helper.cc(138)] Discarding multiple pages with target (kb): 0
[4504:15116:0910/103214.247:WARNING:page_discarding_helper.cc(138)] Discarding multiple pages with target (kb): 0
[4504:15116:0910/103219.247:WARNING:page_discarding_helper.cc(138)] Discarding multiple pages with target (kb): 0
[4504:15116:0910/103224.283:WARNING:page_discarding_helper.cc(138)] Discarding multiple pages with target (kb): 0
[4504:15116:0910/103229.295:WARNING:page_discarding_helper.cc(138)] Discarding multiple pages with target (kb): 0
[4504:15116:0910/103234.303:WARNING:page_discarding_helper.cc(138)] Discarding multiple pages with target (kb): 0
[4504:15116:0910/103239.334:WARNING:page_discarding_helper.cc(138)] Discarding multiple pages with target (kb): 0
[4504:15116:0910/103244.354:WARNING:page_discarding_helper.cc(138)] Discarding multiple pages with target (kb): 0
[4504:15116:0910/103249.356:WARNING:page_discarding_helper.cc(138)] Discarding multiple pages with target (kb): 0
[4504:15116:0910/103254.393:WARNING:page_discarding_helper.cc(138)] Discarding multiple pages with target (kb): 0
[4504:15116:0910/103259.442:WARNING:page_discarding_helper.cc(138)] Discarding multiple pages with target (kb): 0
[4504:15116:0910/103304.490:WARNING:page_discarding_helper.cc(138)] Discarding multiple pages with target (kb): 0
[4504:15116:0910/103309.514:WARNING:page_discarding_helper.cc(138)] Discarding multiple pages with target (kb): 0
[4504:15116:0910/103314.517:WARNING:page_discarding_helper.cc(138)] Discarding multiple pages with target (kb): 0
[4504:15116:0910/103319.598:WARNING:page_discarding_helper.cc(138)] Discarding multiple pages with target (kb): 0
[4504:15116:0910/103324.619:WARNING:page_discarding_helper.cc(138)] Discarding multiple pages with target (kb): 0
[4504:15116:0910/103329.680:WARNING:page_discarding_helper.cc(138)] Discarding multiple pages with target (kb): 0
[4504:15116:0910/103334.731:WARNING:page_discarding_helper.cc(138)] Discarding multiple pages with target (kb): 0
[4504:15116:0910/103339.740:WARNING:page_discarding_helper.cc(138)] Discarding multiple pages with target (kb): 0
[4504:15116:0910/103344.810:WARNING:page_discarding_helper.cc(138)] Discarding multiple pages with target (kb): 0
[4504:15116:0910/103349.809:WARNING:page_discarding_helper.cc(138)] Discarding multiple pages with target (kb): 0
[4504:15116:0910/103354.830:WARNING:page_discarding_helper.cc(138)] Discarding multiple pages with target (kb): 0
[4504:15116:0910/103359.830:WARNING:page_discarding_helper.cc(138)] Discarding multiple pages with target (kb): 0
[4504:15116:0910/103404.880:WARNING:page_discarding_helper.cc(138)] Discarding multiple pages with target (kb): 0
[4504:15116:0910/103409.899:WARNING:page_discarding_helper.cc(138)] Discarding multiple pages with target (kb): 0
[4504:15116:0910/103414.945:WARNING:page_discarding_helper.cc(138)] Discarding multiple pages with target (kb): 0
[4504:15116:0910/103419.948:WARNING:page_discarding_helper.cc(138)] Discarding multiple pages with target (kb): 0
[4504:15116:0910/103424.976:WARNING:page_discarding_helper.cc(138)] Discarding multiple pages with target (kb): 0
[4504:15116:0910/103429.992:WARNING:page_discarding_helper.cc(138)] Discarding multiple pages with target (kb): 0
[4504:15116:0910/103435.000:WARNING:page_discarding_helper.cc(138)] Discarding multiple pages with target (kb): 0
[4504:15116:0910/103440.029:WARNING:page_discarding_helper.cc(138)] Discarding multiple pages with target (kb): 0
[4504:15116:0910/103445.032:WARNING:page_discarding_helper.cc(138)] Discarding multiple pages with target (kb): 0
[4504:15116:0910/103450.071:WARNING:page_discarding_helper.cc(138)] Discarding multiple pages with target (kb): 0
[4504:15116:0910/103455.100:WARNING:page_discarding_helper.cc(138)] Discarding multiple pages with target (kb): 0
[4504:15116:0910/103500.121:WARNING:page_discarding_helper.cc(138)] Discarding multiple pages with target (kb): 0
[4504:15116:0910/103505.164:WARNING:page_discarding_helper.cc(138)] Discarding multiple pages with target (kb): 0
[4504:15116:0910/103510.207:WARNING:page_discarding_helper.cc(138)] Discarding multiple pages with target (kb): 0
[4504:15116:0910/103515.244:WARNING:page_discarding_helper.cc(138)] Discarding multiple pages with target (kb): 0
[4504:15116:0910/103520.286:WARNING:page_discarding_helper.cc(138)] Discarding multiple pages with target (kb): 0
[4504:15116:0910/103525.327:WARNING:page_discarding_helper.cc(138)] Discarding multiple pages with target (kb): 0
[4504:15116:0910/103530.378:WARNING:page_discarding_helper.cc(138)] Discarding multiple pages with target (kb): 0
[4504:15116:0910/103535.442:WARNING:page_discarding_helper.cc(138)] Discarding multiple pages with target (kb): 0
[4504:15116:0910/103540.493:WARNING:page_discarding_helper.cc(138)] Discarding multiple pages with target (kb): 0
[4504:15116:0910/103545.519:WARNING:page_discarding_helper.cc(138)] Discarding multiple pages with target (kb): 0
[4504:15116:0910/103550.537:WARNING:page_discarding_helper.cc(138)] Discarding multiple pages with target (kb): 0
[4504:15116:0910/103555.551:WARNING:page_discarding_helper.cc(138)] Discarding multiple pages with target (kb): 0
[4504:15116:0910/103601.260:WARNING:page_discarding_helper.cc(138)] Discarding multiple pages with target (kb): 0
[4504:15116:0910/103606.298:WARNING:page_discarding_helper.cc(138)] Discarding multiple pages with target (kb): 0
[4504:15116:0910/103626.353:WARNING:page_discarding_helper.cc(138)] Discarding multiple pages with target (kb): 0
[4504:15116:0910/103631.378:WARNING:page_discarding_helper.cc(138)] Discarding multiple pages with target (kb): 0
[4504:15116:0910/103902.215:WARNING:page_discarding_helper.cc(138)] Discarding multiple pages with target (kb): 0
[4504:15116:0910/103907.275:WARNING:page_discarding_helper.cc(138)] Discarding multiple pages with target (kb): 0
[4504:15116:0910/103912.217:WARNING:page_discarding_helper.cc(138)] Discarding multiple pages with target (kb): 0
[4504:15116:0910/103917.248:WARNING:page_discarding_helper.cc(138)] Discarding multiple pages with target (kb): 0
[4504:15116:0910/103922.287:WARNING:page_discarding_helper.cc(138)] Discarding multiple pages with target (kb): 0
[4504:15116:0910/103927.324:WARNING:page_discarding_helper.cc(138)] Discarding multiple pages with target (kb): 0
[4504:15116:0910/103932.347:WARNING:page_discarding_helper.cc(138)] Discarding multiple pages with target (kb): 0
[4504:15116:0910/103937.384:WARNING:page_discarding_helper.cc(138)] Discarding multiple pages with target (kb): 0
[4504:15116:0910/103942.393:WARNING:page_discarding_helper.cc(138)] Discarding multiple pages with target (kb): 0
[4504:15116:0910/103947.460:WARNING:page_discarding_helper.cc(138)] Discarding multiple pages with target (kb): 0
[4504:15116:0910/104007.836:WARNING:page_discarding_helper.cc(138)] Discarding multiple pages with target (kb): 0
[4504:15116:0910/104022.837:WARNING:page_discarding_helper.cc(138)] Discarding multiple pages with target (kb): 0
[4504:15116:0910/104820.036:WARNING:page_discarding_helper.cc(138)] Discarding multiple pages with target (kb): 0
[4504:15116:0910/104825.062:WARNING:page_discarding_helper.cc(138)] Discarding multiple pages with target (kb): 0
[4504:15116:0910/104830.178:WARNING:page_discarding_helper.cc(138)] Discarding multiple pages with target (kb): 0
[4504:15116:0910/111437.948:WARNING:page_discarding_helper.cc(138)] Discarding multiple pages with target (kb): 0
[4504:15116:0910/111443.012:WARNING:page_discarding_helper.cc(138)] Discarding multiple pages with target (kb): 0
[4504:15116:0910/111448.049:WARNING:page_discarding_helper.cc(138)] Discarding multiple pages with target (kb): 0
[4504:15116:0910/111453.174:WARNING:page_discarding_helper.cc(138)] Discarding multiple pages with target (kb): 0
[4504:15116:0910/113539.702:WARNING:page_discarding_helper.cc(138)] Discarding multiple pages with target (kb): 0
